
          -------------------------------------------------------
          Amber 12 SANDER                              2012
          -------------------------------------------------------

| PMEMD implementation of SANDER, Release 12

| Run on 04/12/2013 at 17:37:45

  [-O]verwriting output

File Assignments:
|   MDIN: run0.in                                                               
|  MDOUT: run0.out                                                              
| INPCRD: ../min2.rst7                                                          
|   PARM: ../AlaDipeptide.ff99sb.mbondi.parm7                                   
| RESTRT: run0.rst7                                                             
|   REFC: ../min2.rst7                                                          
|  MDVEL: mdvel                                                                 
|   MDEN: mden                                                                  
|  MDCRD: run0.nc                                                               
| MDINFO: mdinfo                                                                

 
 Here is the input file:
 
test md with igb1                                                              
&cntrl                                                                         
   imin = 0, nstlim = 20000, dt = 0.001, nrespa = 1,                           
   ntx=1, irest = 0, ig = -1,                                                  
   ntwx = 1000, ioutfm = 1, ntpr = 1000, ntwr = 50000,                         
   ntt = 3, gamma_ln = 5, temp0 = 300.0, tempi = 300.0,                        
   ntc = 2, ntf = 2, ntb = 0, cut = 9999.0,                                    
   igb = 1, saltcon = 0.0, gbsa = 0,                                           
&end                                                                           


Note: ig = -1. Setting random seed based on wallclock time in microseconds.
 
|--------------------- INFORMATION ----------------------
| GPU (CUDA) Version of PMEMD in use: NVIDIA GPU IN USE.
|                     Version 12.1
| 
|                      07/06/2012
| 
| Implementation by:
|                    Ross C. Walker     (SDSC)
|                    Scott Le Grand     (nVIDIA)
|                    Duncan Poole       (nVIDIA)
| 
| CAUTION: The CUDA code is currently experimental.
|          You use it at your own risk. Be sure to
|          check ALL results carefully.
| 
| Precision model in use:
|      [SPFP] - Mixed Single/Double/Fixed Point Precision.
|               (Default)
| 
|--------------------------------------------------------
 
|----------------- CITATION INFORMATION -----------------
|
|    When publishing work that utilized the CUDA version
|    of AMBER, please cite the following in addition to
|    the regular AMBER citations:
|
|  - Andreas W. Goetz; Mark J. Williamson; Dong Xu;
|    Duncan Poole; Scott L. Grand; Ross C. Walker
|    "Routine microsecond molecular dynamics simulations
|    with AMBER - Part I: Generalized Born", J. Chem.
|    Theory Comput., 2012, 8 (5), pp1542-1555.
|
|  - Scott L. Grand; Andreas W. Goetz; Ross C. Walker
|    "SPFP: Speed without compromise - a mixed precision
|    model for GPU accelerated molecular dynamics
|    simulations.", Comp. Phys. Comm., 2012, (In Review).
|
|--------------------------------------------------------
 
|------------------- GPU DEVICE INFO --------------------
|
|   CUDA Capable Devices Detected:      1
|           CUDA Device ID in use:      0
|                CUDA Device Name: Tesla K20c
|     CUDA Device Global Mem Size:   4799 MB
| CUDA Device Num Multiprocessors:     13
|           CUDA Device Core Freq:   0.71 GHz
|
|--------------------------------------------------------
 
| Conditional Compilation Defines Used:
| DIRFRC_COMTRANS
| DIRFRC_EFS
| DIRFRC_NOVEC
| PUBFFT
| FFTLOADBAL_2PROC
| BINTRAJ
| MKL
| CUDA
 
| New format PARM file being parsed.
| Version =    1.000 Date = 06/03/10 Time = 17:06:50

| Note: 1-4 EEL scale factors were NOT found in the topology file.
|       Using default value of 1.2.

| Note: 1-4 VDW scale factors were NOT found in the topology file.
|       Using default value of 2.0.
| Duplicated    0 dihedrals

| Duplicated    0 dihedrals

--------------------------------------------------------------------------------
   1.  RESOURCE   USE: 
--------------------------------------------------------------------------------

 NATOM  =      22 NTYPES =       7 NBONH =      12 MBONA  =       9
 NTHETH =      25 MTHETA =      11 NPHIH =      42 MPHIA  =      24
 NHPARM =       0 NPARM  =       0 NNB   =      99 NRES   =       3
 NBONA  =       9 NTHETA =      11 NPHIA =      24 NUMBND =       8
 NUMANG =      16 NPTRA  =      19 NATYP =       7 NPHB   =       0
 IFBOX  =       0 NMXRS  =      10 IFCAP =       0 NEXTRA =       0
 NCOPY  =       0

 Implicit solvent radii are modified Bondi radii (mbondi)                                                   
--------------------------------------------------------------------------------
   2.  CONTROL  DATA  FOR  THE  RUN
--------------------------------------------------------------------------------

ACE                                                                             

General flags:
     imin    =       0, nmropt  =       0

Nature and format of input:
     ntx     =       1, irest   =       0, ntrx    =       1

Nature and format of output:
     ntxo    =       1, ntpr    =    1000, ntrx    =       1, ntwr    =   50000
     iwrap   =       0, ntwx    =    1000, ntwv    =       0, ntwe    =       0
     ioutfm  =       1, ntwprt  =       0, idecomp =       0, rbornstat=      0

Potential function:
     ntf     =       2, ntb     =       0, igb     =       1, nsnb    =      25
     ipol    =       0, gbsa    =       0, iesp    =       0
     dielc   =   1.00000, cut     =9999.00000, intdiel =   1.00000
     saltcon =   0.00000, offset  =   0.09000, gbalpha=    1.00000
     gbbeta  =   0.00000, gbgamma =   0.00000, surften =   0.00500
     rdt     =   0.00000, rgbmax  =  25.00000  extdiel =  78.50000
     alpb  =        0

Frozen or restrained atoms:
     ibelly  =       0, ntr     =       0

Molecular dynamics:
     nstlim  =     20000, nscm    =      1000, nrespa  =         1
     t       =   0.00000, dt      =   0.00100, vlimit  =  -1.00000

Langevin dynamics temperature regulation:
     ig      =  517660
     temp0   = 300.00000, tempi   = 300.00000, gamma_ln=   5.00000

SHAKE:
     ntc     =       2, jfastw  =       0
     tol     =   0.00001

| Intermolecular bonds treatment:
|     no_intermolecular_bonds =       1

| Energy averages sample interval:
|     ene_avg_sampling =    1000

--------------------------------------------------------------------------------
   3.  ATOMIC COORDINATES AND VELOCITIES
--------------------------------------------------------------------------------

ACE                                                                             
 begin time read from input coords =     0.000 ps

 
 Number of triangulated 3-point waters found:        0
| Dynamic Memory, Types Used:
| Reals                 928
| Integers             1773

| GPU memory information (estimate):
| KB of GPU memory in use:       118
| KB of CPU memory in use:        22

--------------------------------------------------------------------------------
   4.  RESULTS
--------------------------------------------------------------------------------


 NSTEP =        0   TIME(PS) =       0.000  TEMP(K) =   472.66  PRESS =     0.0
 Etot   =        -9.9232  EKtot   =        25.3600  EPtot      =       -35.2832
 BOND   =         0.5736  ANGLE   =         1.0489  DIHED      =         8.5799
 1-4 NB =         2.7878  1-4 EEL =        45.9313  VDWAALS    =        -1.1981
 EELEC  =       -77.7858  EGB     =       -15.2207  RESTRAINT  =         0.0000
 ------------------------------------------------------------------------------


 NSTEP =     1000   TIME(PS) =       1.000  TEMP(K) =   312.75  PRESS =     0.0
 Etot   =        -8.8861  EKtot   =        16.7805  EPtot      =       -25.6666
 BOND   =         3.7611  ANGLE   =         5.6733  DIHED      =        10.7492
 1-4 NB =         2.7412  1-4 EEL =        45.8754  VDWAALS    =        -1.5416
 EELEC  =       -76.9236  EGB     =       -16.0015  RESTRAINT  =         0.0000
 ------------------------------------------------------------------------------


 NSTEP =     2000   TIME(PS) =       2.000  TEMP(K) =   339.95  PRESS =     0.0
 Etot   =        -0.4694  EKtot   =        18.2395  EPtot      =       -18.7089
 BOND   =         1.6329  ANGLE   =         9.7493  DIHED      =        14.8687
 1-4 NB =         3.6733  1-4 EEL =        47.5573  VDWAALS    =        -1.1363
 EELEC  =       -79.8526  EGB     =       -15.2014  RESTRAINT  =         0.0000
 ------------------------------------------------------------------------------


 NSTEP =     3000   TIME(PS) =       3.000  TEMP(K) =   328.63  PRESS =     0.0
 Etot   =        -1.8023  EKtot   =        17.6325  EPtot      =       -19.4348
 BOND   =         4.1162  ANGLE   =         8.7296  DIHED      =        13.1190
 1-4 NB =         2.9771  1-4 EEL =        43.6651  VDWAALS    =        -1.0526
 EELEC  =       -75.1897  EGB     =       -15.7995  RESTRAINT  =         0.0000
 ------------------------------------------------------------------------------


 NSTEP =     4000   TIME(PS) =       4.000  TEMP(K) =   286.06  PRESS =     0.0
 Etot   =        -8.6472  EKtot   =        15.3485  EPtot      =       -23.9956
 BOND   =         1.5633  ANGLE   =         8.6190  DIHED      =        12.4505
 1-4 NB =         2.4842  1-4 EEL =        43.8565  VDWAALS    =        -1.5700
 EELEC  =       -74.8428  EGB     =       -16.5564  RESTRAINT  =         0.0000
 ------------------------------------------------------------------------------


 NSTEP =     5000   TIME(PS) =       5.000  TEMP(K) =   346.28  PRESS =     0.0
 Etot   =        -3.5142  EKtot   =        18.5795  EPtot      =       -22.0937
 BOND   =         3.3870  ANGLE   =         9.2337  DIHED      =         9.1850
 1-4 NB =         3.2522  1-4 EEL =        47.2504  VDWAALS    =        -1.0672
 EELEC  =       -77.3725  EGB     =       -15.9623  RESTRAINT  =         0.0000
 ------------------------------------------------------------------------------


 NSTEP =     6000   TIME(PS) =       6.000  TEMP(K) =   237.03  PRESS =     0.0
 Etot   =        -9.0591  EKtot   =        12.7174  EPtot      =       -21.7765
 BOND   =         4.0885  ANGLE   =         7.9803  DIHED      =        11.1481
 1-4 NB =         3.0665  1-4 EEL =        50.2846  VDWAALS    =        -0.9526
 EELEC  =       -79.2372  EGB     =       -18.1547  RESTRAINT  =         0.0000
 ------------------------------------------------------------------------------


 NSTEP =     7000   TIME(PS) =       7.000  TEMP(K) =   313.28  PRESS =     0.0
 Etot   =        -5.1252  EKtot   =        16.8087  EPtot      =       -21.9339
 BOND   =         3.7318  ANGLE   =         6.0271  DIHED      =        11.9355
 1-4 NB =         3.5335  1-4 EEL =        49.1050  VDWAALS    =        -1.3561
 EELEC  =       -78.9227  EGB     =       -15.9880  RESTRAINT  =         0.0000
 ------------------------------------------------------------------------------


 NSTEP =     8000   TIME(PS) =       8.000  TEMP(K) =   354.55  PRESS =     0.0
 Etot   =        -8.6579  EKtot   =        19.0232  EPtot      =       -27.6811
 BOND   =         2.6516  ANGLE   =         6.9559  DIHED      =        10.5096
 1-4 NB =         1.8848  1-4 EEL =        44.3933  VDWAALS    =        -1.3608
 EELEC  =       -75.6007  EGB     =       -17.1148  RESTRAINT  =         0.0000
 ------------------------------------------------------------------------------


 NSTEP =     9000   TIME(PS) =       9.000  TEMP(K) =   355.00  PRESS =     0.0
 Etot   =        -3.0492  EKtot   =        19.0475  EPtot      =       -22.0967
 BOND   =         4.2923  ANGLE   =        10.2940  DIHED      =         9.8119
 1-4 NB =         2.7001  1-4 EEL =        44.4877  VDWAALS    =        -1.6581
 EELEC  =       -74.3429  EGB     =       -17.6817  RESTRAINT  =         0.0000
 ------------------------------------------------------------------------------


 NSTEP =    10000   TIME(PS) =      10.000  TEMP(K) =   263.41  PRESS =     0.0
 Etot   =       -10.5533  EKtot   =        14.1333  EPtot      =       -24.6865
 BOND   =         1.8427  ANGLE   =         7.5251  DIHED      =        11.0144
 1-4 NB =         3.7466  1-4 EEL =        48.3234  VDWAALS    =        -1.4982
 EELEC  =       -80.8713  EGB     =       -14.7691  RESTRAINT  =         0.0000
 ------------------------------------------------------------------------------


 NSTEP =    11000   TIME(PS) =      11.000  TEMP(K) =   235.14  PRESS =     0.0
 Etot   =       -13.0614  EKtot   =        12.6162  EPtot      =       -25.6776
 BOND   =         2.7717  ANGLE   =         7.8964  DIHED      =        11.2994
 1-4 NB =         2.0095  1-4 EEL =        42.9311  VDWAALS    =        -1.3831
 EELEC  =       -74.0860  EGB     =       -17.1166  RESTRAINT  =         0.0000
 ------------------------------------------------------------------------------


 NSTEP =    12000   TIME(PS) =      12.000  TEMP(K) =   207.81  PRESS =     0.0
 Etot   =       -11.2547  EKtot   =        11.1499  EPtot      =       -22.4046
 BOND   =         4.8462  ANGLE   =         7.7339  DIHED      =        10.9935
 1-4 NB =         2.6384  1-4 EEL =        47.3316  VDWAALS    =        -1.3404
 EELEC  =       -75.5653  EGB     =       -19.0423  RESTRAINT  =         0.0000
 ------------------------------------------------------------------------------


 NSTEP =    13000   TIME(PS) =      13.000  TEMP(K) =   319.34  PRESS =     0.0
 Etot   =        -4.8933  EKtot   =        17.1340  EPtot      =       -22.0273
 BOND   =         1.9076  ANGLE   =        10.0109  DIHED      =        10.9721
 1-4 NB =         4.5872  1-4 EEL =        46.2253  VDWAALS    =        -1.4017
 EELEC  =       -77.9721  EGB     =       -16.3566  RESTRAINT  =         0.0000
 ------------------------------------------------------------------------------


 NSTEP =    14000   TIME(PS) =      14.000  TEMP(K) =   277.18  PRESS =     0.0
 Etot   =        -6.5381  EKtot   =        14.8718  EPtot      =       -21.4098
 BOND   =         2.7708  ANGLE   =         7.4597  DIHED      =        14.3330
 1-4 NB =         2.5238  1-4 EEL =        47.4942  VDWAALS    =        -1.6130
 EELEC  =       -78.1676  EGB     =       -16.2107  RESTRAINT  =         0.0000
 ------------------------------------------------------------------------------


 NSTEP =    15000   TIME(PS) =      15.000  TEMP(K) =   296.61  PRESS =     0.0
 Etot   =        -4.5891  EKtot   =        15.9144  EPtot      =       -20.5035
 BOND   =         1.5774  ANGLE   =        10.6706  DIHED      =        12.2961
 1-4 NB =         3.2686  1-4 EEL =        47.9195  VDWAALS    =        -1.1319
 EELEC  =       -76.9805  EGB     =       -18.1233  RESTRAINT  =         0.0000
 ------------------------------------------------------------------------------


 NSTEP =    16000   TIME(PS) =      16.000  TEMP(K) =   340.18  PRESS =     0.0
 Etot   =        -3.5890  EKtot   =        18.2518  EPtot      =       -21.8408
 BOND   =         5.1387  ANGLE   =         7.5161  DIHED      =        11.9079
 1-4 NB =         3.2013  1-4 EEL =        45.7714  VDWAALS    =        -1.3236
 EELEC  =       -77.9374  EGB     =       -16.1152  RESTRAINT  =         0.0000
 ------------------------------------------------------------------------------


 NSTEP =    17000   TIME(PS) =      17.000  TEMP(K) =   299.43  PRESS =     0.0
 Etot   =        -9.5402  EKtot   =        16.0654  EPtot      =       -25.6056
 BOND   =         3.1734  ANGLE   =         6.8707  DIHED      =        10.9129
 1-4 NB =         2.7565  1-4 EEL =        46.3606  VDWAALS    =        -1.6655
 EELEC  =       -78.3026  EGB     =       -15.7115  RESTRAINT  =         0.0000
 ------------------------------------------------------------------------------


 NSTEP =    18000   TIME(PS) =      18.000  TEMP(K) =   265.96  PRESS =     0.0
 Etot   =        -7.5608  EKtot   =        14.2697  EPtot      =       -21.8305
 BOND   =         1.2881  ANGLE   =        12.5927  DIHED      =        10.8368
 1-4 NB =         2.8967  1-4 EEL =        46.4222  VDWAALS    =        -1.7040
 EELEC  =       -75.2417  EGB     =       -18.9211  RESTRAINT  =         0.0000
 ------------------------------------------------------------------------------


 NSTEP =    19000   TIME(PS) =      19.000  TEMP(K) =   177.10  PRESS =     0.0
 Etot   =       -12.0800  EKtot   =         9.5020  EPtot      =       -21.5820
 BOND   =         2.4553  ANGLE   =         8.6320  DIHED      =        12.0765
 1-4 NB =         4.2321  1-4 EEL =        47.8404  VDWAALS    =        -2.0623
 EELEC  =       -78.7145  EGB     =       -16.0416  RESTRAINT  =         0.0000
 ------------------------------------------------------------------------------


 NSTEP =    20000   TIME(PS) =      20.000  TEMP(K) =   197.53  PRESS =     0.0
 Etot   =        -6.6322  EKtot   =        10.5981  EPtot      =       -17.2304
 BOND   =         7.1051  ANGLE   =         9.4148  DIHED      =        11.7841
 1-4 NB =         3.7686  1-4 EEL =        48.4579  VDWAALS    =        -0.8561
 EELEC  =       -81.9585  EGB     =       -14.9464  RESTRAINT  =         0.0000
 ------------------------------------------------------------------------------


      A V E R A G E S   O V E R      20 S T E P S


 NSTEP =    20000   TIME(PS) =      20.000  TEMP(K) =   287.66  PRESS =     0.0
 Etot   =        -6.9751  EKtot   =        15.4342  EPtot      =       -22.4093
 BOND   =         3.2051  ANGLE   =         8.4792  DIHED      =        11.6102
 1-4 NB =         3.0971  1-4 EEL =        46.5776  VDWAALS    =        -1.3838
 EELEC  =       -77.4041  EGB     =       -16.5907  RESTRAINT  =         0.0000
 ------------------------------------------------------------------------------


      R M S  F L U C T U A T I O N S


 NSTEP =    20000   TIME(PS) =      20.000  TEMP(K) =    52.60  PRESS =     0.0
 Etot   =         3.4385  EKtot   =         2.8224  EPtot      =         2.4830
 BOND   =         1.4376  ANGLE   =         1.6331  DIHED      =         1.3329
 1-4 NB =         0.6705  1-4 EEL =         1.9051  VDWAALS    =         0.2871
 EELEC  =         2.1413  EGB     =         1.2075  RESTRAINT  =         0.0000
 ------------------------------------------------------------------------------

--------------------------------------------------------------------------------
   5.  TIMINGS
--------------------------------------------------------------------------------

|  NonSetup CPU Time in Major Routines:
|
|     Routine           Sec        %
|     ------------------------------
|     Nonbond           0.65   13.78
|     Bond              0.00    0.00
|     Angle             0.00    0.00
|     Dihedral          0.00    0.00
|     Shake             0.18    3.78
|     RunMD             3.88   82.44
|     Other             0.00    0.00
|     ------------------------------
|     Total             4.71

|  Generalized Born CPU Time:
|
|     Routine                 Sec        %
|     ------------------------------------
|     Radii Calc              0.00    0.00
|     Diagonal Calc           0.00    0.00
|     Off Diagonal Calc       0.00    0.00
|     GBSA LCPO Calc          0.00    0.00
|     ---------------------------------
|     Total                   0.00    0.00

|  Final Performance Info:
|     -----------------------------------------------------
|     Average timings for last   20000 steps:
|         Elapsed(s) =       4.73 Per Step(ms) =       0.24
|             ns/day =     365.55   seconds/ns =     236.35
|
|     Average timings for all steps:
|         Elapsed(s) =       4.73 Per Step(ms) =       0.24
|             ns/day =     365.55   seconds/ns =     236.35
|     -----------------------------------------------------

|  Setup CPU time:            0.48 seconds
|  NonSetup CPU time:         4.71 seconds
|  Total CPU time:            5.19 seconds     0.00 hours

|  Setup wall time:           0    seconds
|  NonSetup wall time:        5    seconds
|  Total wall time:           5    seconds     0.00 hours
